Number,Name,Bus     1,Bus     2,Bus     3,Bus     4,Bus     5
1,One,3.73 - j49.72,,,,-3.73 + j49.72
2,Two,,2.68 - j28.46,,-0.89 + j9.92,-1.79 + j19.84
3,Three,,,7.76 - j103.46,-7.61 + j101.43,
4,Four,,-0.89 + j9.92,-7.61 + j101.43,11.92 - j147.96,-3.57 + j39.68
5,Five,-3.73 + j49.72,-1.79 + j19.84,,-3.57 + j39.68,9.09 - j108.58
